error: At least one file must be                            
error: specified and readable.                              
                                                            