error: notapath path not found                              
                                                            