=================                                           
>> ---                                                      
The路approved路file                                           
~~~~~~~~~~~~~~~~~~~~                                        
>> +++                                                      
The路received路file                                           
=================                                           
                                                            