Located 7 tests. 3 failures, 4 passes                       
                                                            
Interactive functions                                       
                                                            
1-View TestClass1.TestFour failure                          
2-View TestClass2.TestTwo failure                           
3-View TestClass2.NewTest failure                           
A-Approve all and exit                                      
X-Exit                                                      
                                                            
Select an option: 1                                         
                                                            
=================                                           
>> ---                                                      
This·is·a·test·approved·file¶                               
It·contains·compare·data·for·tests·to·fi                    
nd.¶                                                        
                                                            
~~~~~~~~~~~~~~~~~~~~                                        
>> +++                                                      
This·is·a·test·received·file¶                               
It·contains·compare·data·for·tests·to·fi                    
nd.¶                                                        
=================                                           
Approval functions                                          
                                                            
A-Approve                                                   
X-Done                                                      
                                                            
Select an option: X                                         
                                                            
Interactive functions                                       
                                                            
1-View TestClass1.TestFour failure                          
2-View TestClass2.TestTwo failure                           
3-View TestClass2.NewTest failure                           
A-Approve all and exit                                      
X-Exit                                                      
                                                            
Select an option: X                                         
                                                            