Initial display:
>Test                
 --------------------
 ^
Cursor position: Row 0, Column 0

Value is: -->Test<--

Processed: A
>ATest               
 --------------------
  ^
Cursor position: Row 0, Column 1

Value is: -->ATest<--

Processed:  
>A Tes               
 --------------------
   ^
Cursor position: Row 0, Column 2

Value is: -->A Test<--

