Initial display:
>Test                
 --------------------
 ^
Cursor position: Row 0, Column 0

Value is: -->Test long string<--

