Initial display:
> long 
 ------
  ^
Cursor position: Row 0, Column 1

