Property set:                                                                                  
                                                                                               
Property          Value                                                                        
---------- ------------                                                                        
Background        Black                                                                        
Foreground        White                                                                        
                                                                                               
                                                                                               
Extracted:                                                                                     
                                                                                               
      Button       Button                                                                      
  Background   Foreground                                                                      
------------ ------------                                                                      
       Black        White                                                                      
                                                                                               