Original set:                                                                                  
                                                                                               
Property Value                                                                                 
-------- ------------                                                                          
Prop1    value1                                                                                
Prop2    value2                                                                                
Prop3    value3                                                                                
Prop4    value4                                                                                
Prop5    value5                                                                                
                                                                                               
                                                                                               
Override set:                                                                                  
                                                                                               
Property Value                                                                                 
-------- ------------                                                                          
Prop3    replaced3                                                                             
Prop5    replaced5                                                                             
Prop6    value6                                                                                
                                                                                               
                                                                                               
Merged set:                                                                                    
                                                                                               
Property Value                                                                                 
-------- ------------                                                                          
Prop1    value1                                                                                
Prop2    value2                                                                                
Prop4    value4                                                                                
Prop3    replaced3                                                                             
Prop5    replaced5                                                                             
Prop6    value6                                                                                
                                                                                               