Property Attribute                                                                             
-------------------------                                                                      
BorderAttribute                                                                                
BackgroundAttribute                                                                            
ButtonBackgroundAttribute                                                                      
ButtonForegroundAttribute                                                                      
ForegroundAttribute                                                                            
InputBackgroundAttribute                                                                       
InputForegroundAttribute                                                                       
LabelBackgroundAttribute                                                                       
LabelForegroundAttribute                                                                       
                                                                                               