                             Value                                                             
Property        Value        Type                                                              
--------------- ------------ --------                                                          
Background      Green        VtColour                                                          
Foreground      White        VtColour                                                          
InputForeground BrightYellow VtColour                                                          
                                                                                               