Initial Display                                                                   Focus Chain                                             
--------------------------------------------------------------------------------- --------------------------------------------------------
|┌──────────────────────────────────────────────────────────────────────────────┐ Focus TextBoxControl "Nested text box" (col 21, row 6)  
|│                                                                              │ Focus TextBoxControl "Real Name" (col 14, row 11)       
|│ ┌──────────────────────────────────────────────────────────────────────────┐ │ Focus TextBoxControl "Nickname" (col 20, row 14)        
|│ │                                                                          │ │ Focus TextBoxControl "Favourite Colour" (col 20, row 16)
|│ │ Nested label     nested label value                                      │ │                                                         
|│ │                                                                          │ │                                                         
>│ │ Nested text box  nested value                                            │ │                                                         
|│ │                                                                          │ │                                                         
|│ └──────────────────────────────────────────────────────────────────────────┘ │                                                         
|│                                                                              │                                                         
|│ ┌──────────────────────────────────────────────────────────────────────────┐ │                                                         
|│ │Real Name  Test                                                           │ │                                                         
|│ └──────────────────────────────────────────────────────────────────────────┘ │                                                         
|│                                                                              │                                                         
|│ Nickname          Wolf                                                       │                                                         
|│                                                                              │                                                         
|│ Favourite Colour  Red                                                        │                                                         
|└──────────────────────────────────────────────────────────────────────────────┘                                                         
|                                                                                                                                         
|                                                                                                                                         
|                                                                                                                                         
|                                                                                                                                         
|                                                                                                                                         
|                                                                                                                                         
|                                                                                                                                         
 --------------------------------------------------------------------------------                                                         
                      ^                                                                                                                   
Cursor position: Row 6, Column 21                                                                                                         
                                                                                               