|┌──────────────────────────────────────────────────────────────────────────────┐
|│                                                                              │
|│ ┌──────────────────────────────────────────────────────────────────────────┐ │
|│ │                                                                          │ │
|│ │ Nested label     nested label value                                      │ │
|│ │                                                                          │ │
>│ │ Nested text box  nested value                                            │ │
|│ │                                                                          │ │
|│ └──────────────────────────────────────────────────────────────────────────┘ │
|│                                                                              │
|│ ┌──────────────────────────────────────────────────────────────────────────┐ │
|│ │Real Name  Test                                                           │ │
|│ └──────────────────────────────────────────────────────────────────────────┘ │
|│                                                                              │
|│ Nickname          Wolf                                                       │
|│                                                                              │
|│ Favourite Colour  Red                                                        │
|└──────────────────────────────────────────────────────────────────────────────┘
|                                                                                
|                                                                                
|                                                                                
|                                                                                
|                                                                                
|                                                                                
|                                                                                
 --------------------------------------------------------------------------------
                      ^
Cursor position: Row 6, Column 21
