Key Col is centred in reduced rectangle:                                                       
                                                                                               
Raw contained view:                                                                            
  +0123456789012345678901234567890123456789+                                                   
 0|                                        |                                                   
 1|                                        |                                                   
 2|                                        |                                                   
 3|   ......0........                      |                                                   
 4|   ......1........                      |                                                   
 5|   ......2........                      |                                                   
 6|   ......3........                      |                                                   
 7|   ......4........                      |                                                   
 8|   ......5........                      |                                                   
 9|   012345@78901234                      |                                                   
10|   ......7........                      |                                                   
11|   ......8........                      |                                                   
12|   ......9........                      |                                                   
13|                                        |                                                   
14|                                        |                                                   
15|                                        |                                                   
16|                                        |                                                   
17|                                        |                                                   
18|                                        |                                                   
19|                                        |                                                   
  +0123456789012345678901234567890123456789+                                                   
                                                                                               
Viewport Rendered:                                                                             
|                                                                                              
|    ************                                                                              
|    *.....4....*                                                                              
|    *.....5....*                                                                              
|    *12345@7890*                                                                              
|    *.....7....*                                                                              
>    *.....8....*                                                                              
|    ************                                                                              
|                                                                                              
|                                                                                              
 --------------------                                                                          
                ^                                                                              
Cursor position: Row 6, Column 15                                                              
                                                                                               
Key Col on left edge is left edge of adjusted rectangle:                                       
                                                                                               
Raw contained view:                                                                            
  +0123456789012345678901234567890123456789+                                                   
 0|                                        |                                                   
 1|                                        |                                                   
 2|                                        |                                                   
 3|     0.........                         |                                                   
 4|     1.........                         |                                                   
 5|     2.........                         |                                                   
 6|     3.........                         |                                                   
 7|     4.........                         |                                                   
 8|     5.........                         |                                                   
 9|     @123456789                         |                                                   
10|     7.........                         |                                                   
11|     8.........                         |                                                   
12|     9.........                         |                                                   
13|                                        |                                                   
14|                                        |                                                   
15|                                        |                                                   
16|                                        |                                                   
17|                                        |                                                   
18|                                        |                                                   
19|                                        |                                                   
  +0123456789012345678901234567890123456789+                                                   
                                                                                               
Viewport Rendered:                                                                             
|                                                                                              
|    ************                                                                              
|    *4.........*                                                                              
|    *5.........*                                                                              
|    *@123456789*                                                                              
|    *7.........*                                                                              
>    *8.........*                                                                              
|    ************                                                                              
|                                                                                              
|                                                                                              
 --------------------                                                                          
                ^                                                                              
Cursor position: Row 6, Column 15                                                              
                                                                                               
Key Col on right edge is left edge of adjusted rectangle:                                      
                                                                                               
Raw contained view:                                                                            
  +0123456789012345678901234567890123456789+                                                   
 0|                                        |                                                   
 1|                                        |                                                   
 2|                                        |                                                   
 3|     .........0                         |                                                   
 4|     .........1                         |                                                   
 5|     .........2                         |                                                   
 6|     .........3                         |                                                   
 7|     .........4                         |                                                   
 8|     .........5                         |                                                   
 9|     012345678@                         |                                                   
10|     .........7                         |                                                   
11|     .........8                         |                                                   
12|     .........9                         |                                                   
13|                                        |                                                   
14|                                        |                                                   
15|                                        |                                                   
16|                                        |                                                   
17|                                        |                                                   
18|                                        |                                                   
19|                                        |                                                   
  +0123456789012345678901234567890123456789+                                                   
                                                                                               
Viewport Rendered:                                                                             
|                                                                                              
|    ************                                                                              
|    *.........4*                                                                              
|    *.........5*                                                                              
|    *012345678@*                                                                              
|    *.........7*                                                                              
>    *.........8*                                                                              
|    ************                                                                              
|                                                                                              
|                                                                                              
 --------------------                                                                          
                ^                                                                              
Cursor position: Row 6, Column 15                                                              
                                                                                               
Key Col on top edge is top edge of adjusted rectangle:                                         
                                                                                               
Raw contained view:                                                                            
  +0123456789012345678901234567890123456789+                                                   
 0|                                        |                                                   
 1|                                        |                                                   
 2|                                        |                                                   
 3|     0123@56789                         |                                                   
 4|     ....1.....                         |                                                   
 5|     ....2.....                         |                                                   
 6|     ....3.....                         |                                                   
 7|     ....4.....                         |                                                   
 8|     ....5.....                         |                                                   
 9|     ....6.....                         |                                                   
10|     ....7.....                         |                                                   
11|     ....8.....                         |                                                   
12|     ....9.....                         |                                                   
13|                                        |                                                   
14|                                        |                                                   
15|                                        |                                                   
16|                                        |                                                   
17|                                        |                                                   
18|                                        |                                                   
19|                                        |                                                   
  +0123456789012345678901234567890123456789+                                                   
                                                                                               
Viewport Rendered:                                                                             
|                                                                                              
|    ************                                                                              
|    *0123@56789*                                                                              
|    *....1.....*                                                                              
|    *....2.....*                                                                              
|    *....3.....*                                                                              
>    *....4.....*                                                                              
|    ************                                                                              
|                                                                                              
|                                                                                              
 --------------------                                                                          
                ^                                                                              
Cursor position: Row 6, Column 15                                                              
                                                                                               
Key Col on bottom edge is bottom edge of adjusted rectangle:                                   
                                                                                               
Raw contained view:                                                                            
  +0123456789012345678901234567890123456789+                                                   
 0|                                        |                                                   
 1|                                        |                                                   
 2|                                        |                                                   
 3|     ....0.....                         |                                                   
 4|     ....1.....                         |                                                   
 5|     ....2.....                         |                                                   
 6|     ....3.....                         |                                                   
 7|     ....4.....                         |                                                   
 8|     ....5.....                         |                                                   
 9|     ....6.....                         |                                                   
10|     ....7.....                         |                                                   
11|     ....8.....                         |                                                   
12|     0123@56789                         |                                                   
13|                                        |                                                   
14|                                        |                                                   
15|                                        |                                                   
16|                                        |                                                   
17|                                        |                                                   
18|                                        |                                                   
19|                                        |                                                   
  +0123456789012345678901234567890123456789+                                                   
                                                                                               
Viewport Rendered:                                                                             
|                                                                                              
|    ************                                                                              
|    *....5.....*                                                                              
|    *....6.....*                                                                              
|    *....7.....*                                                                              
|    *....8.....*                                                                              
>    *0123@56789*                                                                              
|    ************                                                                              
|                                                                                              
|                                                                                              
 --------------------                                                                          
                ^                                                                              
Cursor position: Row 6, Column 15                                                              
                                                                                               
                                                                                               