Plate dimensions: x15 y5

       Text                Colour      
 +012345678901234+    +012345678901234+
0|               |   0|               |
1|  ┌──────────┐ |   1|               |
2|  └──────────┘ |   2|               |
3|               |   3|               |
4|               |   4|               |
 +012345678901234+    +012345678901234+
