|stack 12345678901234567890123456789012345678901234
|                                                  
|                                                  
|                                                  
|    ++++++++++++++++++++++++++++++++              
|    +                              +              
|    +                              +              
|    +                              +              
|    +                              +              
|    +                              +              
|    +                              +              
|    +                              +              
|    +                              +              
|    +                              +              
>    +                         outeX+              
|    ++++++++++++++++++++++++++++++++              
|                                                  
|                                                  
|                                                  
|                                                  
 --------------------------------------------------
                                    ^
Cursor position: Row 14, Column 35
