Plate dimensions: x11 y3

     Text            Colour    
 +01234567890+    +01234567890+
0|           |   0|           |
1|   Hello   |   1|   GGGGG   |
2|           |   2|           |
 +01234567890+    +01234567890+
