|                    
|                    
|                    
|                    
|                    
|                    
|                    
|                    
|                    
|                    
|                    
|                    
|                    
|                    
|                    
|                    
|                    
|                    
|                    
>                   H
 --------------------
                     ^
Cursor position: Row 19, Column 20
