Plate dimensions: x10 y10

    Text           Colour    
 +0123456789+    +0123456789+
0| │   │    |   0|          |
1| │   │    |   1|          |
2| └───┘    |   2|          |
3|          |   3|          |
4|          |   4|          |
5|          |   5|          |
6|          |   6|          |
7|          |   7|          |
8|          |   8|          |
9|          |   9|          |
 +0123456789+    +0123456789+
