SetOrigin(0, 0)                                                                                
|stack 12345678901234567890123456789012345678901234                                            
|                                                                                              
|                                                                                              
|                                                                                              
|    ++++++++++++++++++++++++++++++++                                                          
|    +outer 123456789012345678901234+                                                          
|    +                              +                                                          
|    +                              +                                                          
|    +                              +                                                          
|    +    ==========================+                                                          
|    +    =0123456789012345678901234+                                                          
|    +    =1234567890123456789012345+                                                          
|    +    =2345678901234567890123456+                                                          
|    +    =3456789012345678901234567+                                                          
>    +    =4567890123456789012345678+                                                          
|    ++++++++++++++++++++++++++++++++                                                          
|                                                                                              
|                                                                                              
|                                                                                              
|                                                                                              
 --------------------------------------------------                                            
                                    ^                                                          
Cursor position: Row 14, Column 35                                                             
                                                                                               
                                                                                               
SetOrigin(10, 0)                                                                               
|stack 12345678901234567890123456789012345678901234                                            
|                                                                                              
|                                                                                              
|                                                                                              
|    ++++++++++++++++++++++++++++++++                                                          
|    +567890123456789012345678901234+                                                          
|    +                              +                                                          
|    +                              +                                                          
|    +                              +                                                          
|    +==========================    +                                                          
|    +5678901234567890123456789=    +                                                          
|    +6789012345678901234567890=    +                                                          
|    +7890123456789012345678901=    +                                                          
|    +8901234567890123456789012=    +                                                          
>    +9012345678901234567890123=    +                                                          
|    ++++++++++++++++++++++++++++++++                                                          
|                                                                                              
|                                                                                              
|                                                                                              
|                                                                                              
 --------------------------------------------------                                            
                               ^                                                               
Cursor position: Row 14, Column 30                                                             
                                                                                               
                                                                                               
SetOrigin(0, 10)                                                                               
|stack 12345678901234567890123456789012345678901234                                            
|                                                                                              
|                                                                                              
|                                                                                              
|    ++++++++++++++++++++++++++++++++                                                          
|    +    =5678901234567890123456789+                                                          
|    +    =6789012345678901234567890+                                                          
|    +    =7890123456789012345678901+                                                          
|    +    =8901234567890123456789012+                                                          
>    +    =9012345678901234567890123+                                                          
|    +    ==========================+                                                          
|    +                              +                                                          
|    +                              +                                                          
|    +                              +                                                          
|    +                              +                                                          
|    ++++++++++++++++++++++++++++++++                                                          
|                                                                                              
|                                                                                              
|                                                                                              
|                                                                                              
 --------------------------------------------------                                            
                                    ^                                                          
Cursor position: Row 9, Column 35                                                              
                                                                                               
                                                                                               
SetOrigin(10, 10)                                                                              
|stack 12345678901234567890123456789012345678901234                                            
|                                                                                              
|                                                                                              
|                                                                                              
|    ++++++++++++++++++++++++++++++++                                                          
|    +0123456789012345678901234=    +                                                          
|    +1234567890123456789012345=    +                                                          
|    +2345678901234567890123456=    +                                                          
|    +3456789012345678901234567=    +                                                          
>    +4567890123456789012345678=    +                                                          
|    +==========================    +                                                          
|    +                              +                                                          
|    +                              +                                                          
|    +                              +                                                          
|    +                              +                                                          
|    ++++++++++++++++++++++++++++++++                                                          
|                                                                                              
|                                                                                              
|                                                                                              
|                                                                                              
 --------------------------------------------------                                            
                               ^                                                               
Cursor position: Row 9, Column 30                                                              
                                                                                               
                                                                                               
                                                                                               