|┌─┬─┬─┬─┬─
|│ │ │ │ │ 
|└┬┴┬┴┬┴┬┴┬
| │ │ │ │ │
| ├─┼─┼─┼─┤
| │ │ │ │ │
> └─┴─┴─┴─┘
|          
|          
|          
 ----------
           ^
Cursor position: Row 6, Column 10
